MemTotal:        4008364 kB
MemFree:          102488 kB
MemAvailable:    1946480 kB
Buffers:           18156 kB
Cached:          2020456 kB
SwapCached:            0 kB
Active:          1171332 kB
Inactive:        2077740 kB
Active(anon):     621036 kB
Inactive(anon):   666200 kB
Active(file):     550296 kB
Inactive(file):  1411540 kB
Unevictable:       47744 kB
Mlocked:           47744 kB
SwapTotal:        751560 kB
SwapFree:         338236 kB
Dirty:             12448 kB
Writeback:             0 kB
AnonPages:       1258296 kB
Mapped:          1299152 kB
Shmem:             30568 kB
KReclaimable:      65388 kB
Slab:             230472 kB
SReclaimable:      65388 kB
SUnreclaim:       165084 kB
KernelStack:       36944 kB
PageTables:        82164 kB
SecPageTables:         0 kB
NFS_Unstable:          0 kB
Bounce:                0 kB
WritebackTmp:          0 kB
CommitLimit:     2755740 kB
Committed_AS:   105928580 kB
VmallocTotal:   34359738367 kB
VmallocUsed:       76692 kB
VmallocChunk:          0 kB
Percpu:             7056 kB
AnonHugePages:         0 kB
ShmemHugePages:        0 kB
ShmemPmdMapped:        0 kB
FileHugePages:         0 kB
FilePmdMapped:         0 kB
CmaTotal:              0 kB
CmaFree:               0 kB
DirectMap4k:       73552 kB
DirectMap2M:     4120576 kB
DirectMap1G:     2097152 kB
